// Jest Snapshot v1, https://goo.gl/fbAQLP

exports[`Counter must snapshot 1`] = `"<div data-server-rendered=\\"true\\"><span class=\\"count\\">0</span> <button>Increment</button> <h3>null</h3></div>"`;
